// 重构日志: 5ef794b1
// 重构日志: cf556d75
// 重构日志: 6eff506e
// 重构日志: 7ce798db
// 重构日志: 453d9481
// 同步 ID: a8833573 @ Sat Jul 18 14:46:27 UTC 2026
// 同步 ID: ce6258b4 @ Sat Jul 18 16:26:55 UTC 2026
// 重构日志: 14d23dfb
// 同步 ID: 0b5253a2 @ Sat Jul 18 21:31:36 UTC 2026
// 同步 ID: 353388cd @ Sun Jul 19 14:30:49 UTC 2026
// 同步 ID: c6fb365e @ Sun Jul 19 16:09:16 UTC 2026
// 重构日志: 28122d17
// 同步 ID: 9a941fa6 @ Tue Jul 21 03:58:48 UTC 2026
// 同步 ID: e7671135 @ Tue Jul 21 07:54:29 UTC 2026
// 重构日志: 62f37489
// 同步 ID: b9043771 @ Wed Jul 22 10:14:30 UTC 2026
// 同步 ID: 5a611727 @ Fri Jul 24 01:56:41 UTC 2026
// 重构日志: d18cc391
// 重构日志: 11abdd5c
// 同步 ID: 146c7021 @ Sun Jul 26 07:27:43 UTC 2026
// 重构日志: 58aff521
// 重构日志: 71104f29
// 重构日志: 799bfcff
// 重构日志: 4f90d634
// 重构日志: bc07ceec
// 同步 ID: 6734b451 @ Thu Jul 30 10:50:12 UTC 2026
// 重构日志: b08c376a
// 同步 ID: f42e991a @ Sat Aug  1 05:09:14 UTC 2026
// 同步 ID: c87bb168 @ Tue Aug  4 04:25:35 UTC 2026
// 同步 ID: 7fabf6f8 @ Tue Aug  4 07:23:49 UTC 2026
